Microchip MPLAB XC8 Compiler V2.50

Linker command line:

-W-3 --edf=E:\Microchip\xc8\v2.50\pic\dat\20240725155939_en.msgs -cn \
  -h+dist/default/production\Lab10.X.production.sym \
  --cmf=dist/default/production\Lab10.X.production.cmf -z -Q18F4321 \
  -oC:\Users\SEBAST~1\AppData\Local\Temp\xcAsja0.\driver_tmp_3.o \
  --defsym=__MPLAB_BUILD=1 --fixupoverflow=error \
  -Mdist/default/production/Lab10.X.production.map \
  --md=C:\Users\SEBAST~1\AppData\Local\Temp\xcAsja0.\driver_tmp_0.dat -E1 \
  -ver=XC8 Compiler --acfsm=1493 -ACODE=00h-01FFFh -ACONST=00h-01FFFh \
  -ASMALLCONST=0200h-02FFhx30 -AMEDIUMCONST=0200h-01FFFh -ACOMRAM=01h-07Fh \
  -AABS1=00h-01FFh -ABIGRAM=01h-01FFh -ARAM=080h-0FFh,0100h-01FFh \
  -ABANK0=080h-0FFh -ABANK1=0100h-01FFh -ASFR=0F80h-0FFFh \
  -ABIGSFR=0F80h-0FFFh -ACONFIG=0300000h-030000Dh -AIDLOC=0200000h-0200007h \
  -AEEDATA=0F00000h-0F000FFh -peeprom_data=EEDATA \
  -preset_vec=00h,intcode,sivt_hi,intcodelo,sivt_lo,powerup,init \
  -pramtop=0200h -psmallconst=SMALLCONST -pmediumconst=MEDIUMCONST \
  -pconst=CONST -AFARRAM=00h-00h \
  -prdata=COMRAM,nvrram=COMRAM,nvbit=COMRAM,rbss=COMRAM,rbit=COMRAM \
  -pfarbss=FARRAM,fardata=FARRAM,nvFARRAM=FARRAM \
  -pintsave_regs=BIGRAM,bigbss=BIGRAM,bigdata=BIGRAM -pbss=RAM \
  -pidata=CODE,irdata=CODE,ibigdata=CODE,ifardata=CODE -prparam=COMRAM \
  C:\Users\SEBAST~1\AppData\Local\Temp\xcAsja0.\driver_tmp_9.o \
  dist/default/production\Lab10.X.production.o 

Object code version is 3.11

Machine type is 18F4321



                Name                               Link     Load   Length Selector   Space Scale
C:\Users\SEBAST~1\AppData\Local\Temp\xcAsja0.\driver_tmp_9.o
                config                           300000   300000        E        0       4
                init                                  0        0        4        0       0
dist/default/production\Lab10.X.production.o
                config                           300000   300000        E        0       4
                smallconst                          200      200       16      100       0
                text15                              A5C      A5C       2C      10B       0
                text14                              99C      99C       58      10B       0
                text13                              A88      A88       20      10B       0
                text12                              AC6      AC6        E      10B       0
                text11                              590      590       FC      10B       0
                text10                              93C      93C       60      10B       0
                text9                               AA8      AA8       1E      10B       0
                text8                               84E      84E       84      10B       0
                text7                               494      494       FC      10B       0
                text6                               AD4      AD4        A      10B       0
                text5                               9F4      9F4       3A      10B       0
                text4                               38A      38A      10A      10B       0
                text3                               68C      68C       EA      10B       0
                text2                               8D2      8D2       6A      10B       0
                text1                               216      216      174      10B       0
                text0                               776      776       D8      10B       0
                cstackCOMRAM                          1        1       1F        1       1
                dataCOMRAM                           24       24        2        1       1
                bssCOMRAM                            20       20        4        1       1
                cinit                               A2E      A2E       2E      10B       0
                idataCOMRAM                         ADE      ADE        2      10B       0

TOTAL           Name                               Link     Load   Length     Space
        CLASS   CODE           
                init                                  0        0        4         0
                text15                              A5C      A5C       2C         0
                text14                              99C      99C       58         0
                text13                              A88      A88       20         0
                text12                              AC6      AC6        E         0
                text11                              590      590       FC         0
                text10                              93C      93C       60         0
                text9                               AA8      AA8       1E         0
                text8                               84E      84E       84         0
                text7                               494      494       FC         0
                text6                               AD4      AD4        A         0
                text5                               9F4      9F4       3A         0
                text4                               38A      38A      10A         0
                text3                               68C      68C       EA         0
                text2                               8D2      8D2       6A         0
                text1                               216      216      174         0
                text0                               776      776       D8         0
                cinit                               A2E      A2E       2E         0
                idataCOMRAM                         ADE      ADE        2         0

        CLASS   CONST          

        CLASS   SMALLCONST     
                smallconst                          200      200       16         0

        CLASS   MEDIUMCONST    

        CLASS   COMRAM         
                cstackCOMRAM                          1        1       1F         1
                dataCOMRAM                           24       24        2         1
                bssCOMRAM                            20       20        4         1

        CLASS   ABS1           

        CLASS   BIGRAM         

        CLASS   RAM            

        CLASS   BANK0          

        CLASS   BANK1          

        CLASS   SFR            

        CLASS   BIGSFR         

        CLASS   CONFIG         
                config                           300000   300000        E         4

        CLASS   IDLOC          

        CLASS   EEDATA         

        CLASS   FARRAM         

        CLASS   HEAP           

        CLASS   STACK          



SEGMENTS        Name                           Load    Length   Top    Selector   Space  Class

                reset_vec                      000000  000004  000004         0       0  CODE    
                cstackCOMRAM                   000001  000025  000026         1       1  COMRAM  
                smallconst                     000200  000016  000216       100       0  SMALLCON
                text1                          000216  0008CA  000AE0       10B       0  CODE    


UNUSED ADDRESS RANGES

        Name                Unused          Largest block    Delta
        BANK0            000080-0000FF               80
        BANK1            000100-0001FF              100
        BIGRAM           000026-0001FF              1DA
        BIGSFR           000F80-000FFF               80
        CODE             000004-0001FF              1FC
                         000AE0-001FFF             1520
        COMRAM           000026-00007F               5A
        CONST            000004-0001FF              1FC
                         000AE0-001FFF             1520
        EEDATA           F00000-F000FF              100
        IDLOC            200000-200007                8
        MEDIUMCONST      000AE0-001FFF             1520
        RAM              000080-0001FF               80
        SFR              000F80-000FFF               80
        SMALLCONST       000AE0-001FFF              100

                                  Symbol Table

?___aldiv                        cstackCOMRAM 000001
?___almod                        cstackCOMRAM 000001
?___lmul                         cstackCOMRAM 000001
DHT11_ReadData@data              cstackCOMRAM 000002
DHT11_ReadData@i                 cstackCOMRAM 000001
LCD_cursor_set@column            cstackCOMRAM 000004
LCD_cursor_set@row               cstackCOMRAM 000005
LCD_write_char@character         cstackCOMRAM 000004
LCD_write_command@command        cstackCOMRAM 000003
LCD_write_data@data              cstackCOMRAM 000003
LCD_write_string@i               cstackCOMRAM 000006
LCD_write_string@string          cstackCOMRAM 000004
LCD_write_variable@digits        cstackCOMRAM 000015
LCD_write_variable@i             cstackCOMRAM 000014
LCD_write_variable@left_offset   cstackCOMRAM 000013
LCD_write_variable@temp_variable cstackCOMRAM 000016
LCD_write_variable@variable      cstackCOMRAM 00000F
_ADCON1                          (abs)        000FC1
_DHT11_CheckResponse             text15       000A5C
_DHT11_ReadData                  text14       00099C
_DHT11_Start                     text13       000A88
_LATA0                           (abs)        007C48
_LATDbits                        (abs)        000F8C
_LCD_clear                       text9        000AA8
_LCD_cursor_set                  text10       00093C
_LCD_display_control             dataCOMRAM   000025
_LCD_entry_mode                  dataCOMRAM   000024
_LCD_init                        text8        00084E
_LCD_pulse_clock                 text12       000AC6
_LCD_write_char                  text6        000AD4
_LCD_write_command               text11       000590
_LCD_write_data                  text7        000494
_LCD_write_string                text5        0009F4
_LCD_write_variable              text1        000216
_OSCCON                          (abs)        000FD3
_PORTAbits                       (abs)        000F80
_TRISAbits                       (abs)        000F92
_TRISDbits                       (abs)        000F95
__HRAM                           (abs)        000000
__H__absolute__                  __absolute__ 000000
__Habs1                          abs1         000000
__Hbank0                         bank0        000000
__Hbank1                         bank1        000000
__Hbigbss                        bigbss       000000
__Hbigdata                       bigdata      000000
__Hbigram                        bigram       000000
__Hbigsfr                        bigsfr       000000
__Hbss                           bss          000000
__HbssCOMRAM                     bssCOMRAM    000000
__Hcinit                         cinit        000000
__Hclrtext                       clrtext      000000
__Hcomram                        comram       000000
__Hconfig                        config       30000E
__Hconst                         const        000000
__HcstackCOMRAM                  cstackCOMRAM 000000
__Hdata                          data         000000
__HdataCOMRAM                    dataCOMRAM   000000
__Heeprom_data                   eeprom_data  000000
__Hfarbss                        farbss       000000
__Hfardata                       fardata      000000
__Hheap                          heap         000000
__Hibigdata                      ibigdata     000000
__Hidata                         idata        000000
__HidataCOMRAM                   idataCOMRAM  000000
__Hidloc                         idloc        000000
__Hifardata                      ifardata     000000
__Hinit                          init         000004
__Hintcode                       intcode      000000
__Hintcode_body                  intcode_body 000000
__Hintcodelo                     intcodelo    000000
__Hintentry                      intentry     000000
__Hintret                        intret       000000
__Hintsave_regs                  intsave_regs 000000
__Hirdata                        irdata       000000
__Hmediumconst                   mediumconst  000000
__HnvFARRAM                      nvFARRAM     000000
__Hnvbit                         nvbit        000000
__Hnvrram                        nvrram       000000
__Hparam                         rparam       000000
__Hpowerup                       powerup      000000
__Hram                           ram          000000
__Hramtop                        ramtop       000200
__Hrbit                          rbit         000000
__Hrbss                          rbss         000000
__Hrdata                         rdata        000000
__Hreset_vec                     reset_vec    000000
__Hrparam                        rparam       000000
__Hsfr                           sfr          000000
__Hsivt_hi                       sivt_hi      000000
__Hsivt_lo                       sivt_lo      000000
__Hsmallconst                    smallconst   000216
__Hspace_0                       (abs)        000AE0
__Hspace_1                       (abs)        000026
__Hspace_2                       (abs)        000000
__Hspace_4                       (abs)        60000E
__Hstack                         stack        000000
__Hstruct                        struct       000000
__Htemp                          temp         000000
__Htext                          text         000000
__Htext0                         text0        000000
__Htext1                         text1        000000
__Htext10                        text10       000000
__Htext11                        text11       000000
__Htext12                        text12       000000
__Htext13                        text13       000000
__Htext14                        text14       000000
__Htext15                        text15       000000
__Htext2                         text2        000000
__Htext3                         text3        000000
__Htext4                         text4        000000
__Htext5                         text5        000000
__Htext6                         text6        000000
__Htext7                         text7        000000
__Htext8                         text8        000000
__Htext9                         text9        000000
__LRAM                           (abs)        000001
__L__absolute__                  __absolute__ 000000
__Labs1                          abs1         000000
__Lbank0                         bank0        000000
__Lbank1                         bank1        000000
__Lbigbss                        bigbss       000000
__Lbigdata                       bigdata      000000
__Lbigram                        bigram       000000
__Lbigsfr                        bigsfr       000000
__Lbss                           bss          000000
__LbssCOMRAM                     bssCOMRAM    000000
__Lcinit                         cinit        000000
__Lclrtext                       clrtext      000000
__Lcomram                        comram       000000
__Lconfig                        config       000000
__Lconst                         const        000000
__LcstackCOMRAM                  cstackCOMRAM 000000
__Ldata                          data         000000
__LdataCOMRAM                    dataCOMRAM   000000
__Leeprom_data                   eeprom_data  000000
__Lfarbss                        farbss       000000
__Lfardata                       fardata      000000
__Lheap                          heap         000000
__Libigdata                      ibigdata     000000
__Lidata                         idata        000000
__LidataCOMRAM                   idataCOMRAM  000000
__Lidloc                         idloc        000000
__Lifardata                      ifardata     000000
__Linit                          init         000000
__Lintcode                       intcode      000000
__Lintcode_body                  intcode_body 000000
__Lintcodelo                     intcodelo    000000
__Lintentry                      intentry     000000
__Lintret                        intret       000000
__Lintsave_regs                  intsave_regs 000000
__Lirdata                        irdata       000000
__Lmediumconst                   mediumconst  000000
__LnvFARRAM                      nvFARRAM     000000
__Lnvbit                         nvbit        000000
__Lnvrram                        nvrram       000000
__Lparam                         rparam       000000
__Lpowerup                       powerup      000000
__Lram                           ram          000000
__Lramtop                        ramtop       000200
__Lrbit                          rbit         000000
__Lrbss                          rbss         000000
__Lrdata                         rdata        000000
__Lreset_vec                     reset_vec    000000
__Lrparam                        rparam       000000
__Lsfr                           sfr          000000
__Lsivt_hi                       sivt_hi      000000
__Lsivt_lo                       sivt_lo      000000
__Lsmallconst                    smallconst   000200
__Lspace_0                       (abs)        000000
__Lspace_1                       (abs)        000000
__Lspace_2                       (abs)        000000
__Lspace_4                       (abs)        000000
__Lstack                         stack        000000
__Lstruct                        struct       000000
__Ltemp                          temp         000000
__Ltext                          text         000000
__Ltext0                         text0        000000
__Ltext1                         text1        000000
__Ltext10                        text10       000000
__Ltext11                        text11       000000
__Ltext12                        text12       000000
__Ltext13                        text13       000000
__Ltext14                        text14       000000
__Ltext15                        text15       000000
__Ltext2                         text2        000000
__Ltext3                         text3        000000
__Ltext4                         text4        000000
__Ltext5                         text5        000000
__Ltext6                         text6        000000
__Ltext7                         text7        000000
__Ltext8                         text8        000000
__Ltext9                         text9        000000
__S0                             (abs)        000AE0
__S1                             (abs)        000026
__S4                             (abs)        000000
__S5                             (abs)        000000
___aldiv                         text4        00038A
___aldiv@counter                 cstackCOMRAM 000009
___aldiv@dividend                cstackCOMRAM 000001
___aldiv@divisor                 cstackCOMRAM 000005
___aldiv@quotient                cstackCOMRAM 00000B
___aldiv@sign                    cstackCOMRAM 00000A
___almod                         text3        00068C
___almod@counter                 cstackCOMRAM 000009
___almod@dividend                cstackCOMRAM 000001
___almod@divisor                 cstackCOMRAM 000005
___almod@sign                    cstackCOMRAM 00000A
___heap_hi                       (abs)        000000
___heap_lo                       (abs)        000000
___inthi_sp                      stack        000000
___inthi_stack_hi                stack        000000
___inthi_stack_lo                stack        000000
___intlo_sp                      stack        000000
___intlo_stack_hi                stack        000000
___intlo_stack_lo                stack        000000
___lmul                          text2        0008D2
___lmul@multiplicand             cstackCOMRAM 000005
___lmul@multiplier               cstackCOMRAM 000001
___lmul@product                  cstackCOMRAM 000009
___param_bank                    (abs)        000000
___rparam_used                   (abs)        000001
___sp                            stack        000000
___stack_hi                      stack        000000
___stack_lo                      stack        000000
__accesstop                      (abs)        000080
__activetblptr                   (abs)        000001
__end_of_DHT11_CheckResponse     text15       000A88
__end_of_DHT11_ReadData          text14       0009F4
__end_of_DHT11_Start             text13       000AA8
__end_of_LCD_clear               text9        000AC6
__end_of_LCD_cursor_set          text10       00099C
__end_of_LCD_init                text8        0008D2
__end_of_LCD_pulse_clock         text12       000AD4
__end_of_LCD_write_char          text6        000ADE
__end_of_LCD_write_command       text11       00068C
__end_of_LCD_write_data          text7        000590
__end_of_LCD_write_string        text5        000A2E
__end_of_LCD_write_variable      text1        00038A
__end_of___aldiv                 text4        000494
__end_of___almod                 text3        000776
__end_of___lmul                  text2        00093C
__end_of__initialization         cinit        000A4E
__end_of_main                    text0        00084E
__initialization                 cinit        000A2E
__mediumconst                    mediumconst  000000
__pbssCOMRAM                     bssCOMRAM    000020
__pcinit                         cinit        000A2E
__pcstackCOMRAM                  cstackCOMRAM 000001
__pdataCOMRAM                    dataCOMRAM   000024
__pidataCOMRAM                   idataCOMRAM  000ADE
__psmallconst                    smallconst   000200
__ptext0                         text0        000776
__ptext1                         text1        000216
__ptext10                        text10       00093C
__ptext11                        text11       000590
__ptext12                        text12       000AC6
__ptext13                        text13       000A88
__ptext14                        text14       00099C
__ptext15                        text15       000A5C
__ptext2                         text2        0008D2
__ptext3                         text3        00068C
__ptext4                         text4        00038A
__ptext5                         text5        0009F4
__ptext6                         text6        000AD4
__ptext7                         text7        000494
__ptext8                         text8        00084E
__ptext9                         text9        000AA8
__ramtop                         ramtop       000200
__smallconst                     smallconst   000200
_main                            text0        000776
end_of_initialization            cinit        000A4E
intlevel0                        text         000000
intlevel1                        text         000000
intlevel2                        text         000000
intlevel3                        text         000000
isa$std                          (abs)        000001
isa$xinst                        (abs)        000000
main@H_decimal                   cstackCOMRAM 00001D
main@H_num                       cstackCOMRAM 00001C
main@T_decimal                   cstackCOMRAM 00001F
main@T_num                       cstackCOMRAM 00001E
stackhi                          (abs)        000000
stacklo                          (abs)        000000
start                            init         000000
start_initialization             cinit        000A2E


MODULE INFORMATION

Module		Function		Class		Link	Load	Size
E:\Microchip\xc8\v2.50\pic\sources\c99\common\aldiv.c
		___aldiv       		CODE           	038A	0000	266

E:\Microchip\xc8\v2.50\pic\sources\c99\common\aldiv.c estimated size: 266

Lab10.c
		_main          		CODE           	0776	0000	216

Lab10.c estimated size: 216

E:\Microchip\xc8\v2.50\pic\sources\c99\common\Umul32.c
		___lmul        		CODE           	08D2	0000	106

E:\Microchip\xc8\v2.50\pic\sources\c99\common\Umul32.c estimated size: 106

DHT.c
		_DHT11_Start   		CODE           	0A88	0000	32
		_DHT11_CheckResponse		CODE           	0A5C	0000	44
		_DHT11_ReadData		CODE           	099C	0000	88

DHT.c estimated size: 164

shared
		__initialization		CODE           	0A2E	0000	32

shared estimated size: 32

E:\Microchip\xc8\v2.50\pic\sources\c99\common\almod.c
		___almod       		CODE           	068C	0000	234

E:\Microchip\xc8\v2.50\pic\sources\c99\common\almod.c estimated size: 234

LCD.c
		_LCD_clear     		CODE           	0AA8	0000	30
		_LCD_cursor_set		CODE           	093C	0000	96
		_LCD_write_string		CODE           	09F4	0000	58
		_LCD_write_command		CODE           	0590	0000	252
		_LCD_init      		CODE           	084E	0000	132
		_LCD_write_data		CODE           	0494	0000	252
		_LCD_write_char		CODE           	0AD4	0000	10
		_LCD_write_variable		CODE           	0216	0000	372
		_LCD_pulse_clock		CODE           	0AC6	0000	14

LCD.c estimated size: 1216

